ARM Linker, 5.03 [Build 76] [MDK-ARM Lite]

==============================================================================

Section Cross References

    startup_rvmdk.o(RESET) refers to startup_rvmdk.o(STACK) for StackMem
    startup_rvmdk.o(RESET) refers to rgb_led.o(.text) for Timer0IntHandler
    startup_rvmdk.o(RESET) refers to uart2.o(.text) for UART2IntHandler
    startup_rvmdk.o(RESET) refers to entry.o(.ARM.Collect$$$$00000000) for __main
    lab10.o(i.blink) refers to rit128x96x4.o(.text) for RIT128x96x4StringDraw
    lab10.o(i.blink) refers to ece353_systick.o(.text) for sysTickWait1mS
    lab10.o(i.blink) refers to lab10.o(i.drawBoard) for drawBoard
    lab10.o(i.convert) refers to lab10.o(.constdata) for .constdata
    lab10.o(i.drawBoard) refers to rit128x96x4.o(.text) for RIT128x96x4StringDraw
    lab10.o(i.drawBoard) refers to lab10.o(i.convert) for convert
    lab10.o(i.main) refers to ledbaroutput.o(.text) for LEDBARInit
    lab10.o(i.main) refers to dipswitch.o(.text) for DIPSWInit
    lab10.o(i.main) refers to pushbutton.o(.text) for PBSwInit
    lab10.o(i.main) refers to rgb_led.o(.text) for RGB_LEDInit
    lab10.o(i.main) refers to ece353_systick.o(.text) for sysTickInit
    lab10.o(i.main) refers to potentiometers.o(.text) for potentiometersInit
    lab10.o(i.main) refers to rit128x96x4.o(.text) for RIT128x96x4Init
    lab10.o(i.main) refers to xbee.o(.text) for Xbee_ConfigureAddresses
    lab10.o(i.main) refers to lab10.o(i.clearBoard) for clearBoard
    lab10.o(i.main) refers to lab10.o(i.drawBoard) for drawBoard
    lab10.o(i.main) refers to lab10.o(i.checkValidColumn) for checkValidColumn
    lab10.o(i.main) refers to lab10.o(i.blink) for blink
    lab10.o(i.main) refers to lab10.o(i.addPiece) for addPiece
    lab10.o(i.main) refers to lab10.o(i.checkWin) for checkWin
    rgb_led.o(.text) refers to fmul.o(.text) for __aeabi_fmul
    rgb_led.o(.text) refers to ffixi.o(.text) for __aeabi_f2iz
    rgb_led.o(.text) refers to fflti.o(.text) for __aeabi_i2f
    rgb_led.o(.text) refers to fdiv.o(.text) for __aeabi_fdiv
    rgb_led.o(.text) refers to sysctl.o(i.SysCtlClockSet) for SysCtlClockSet
    rgb_led.o(.text) refers to sysctl.o(i.SysCtlPeripheralEnable) for SysCtlPeripheralEnable
    rgb_led.o(.text) refers to interrupt.o(i.IntMasterEnable) for IntMasterEnable
    rgb_led.o(.text) refers to timer.o(i.TimerConfigure) for TimerConfigure
    rgb_led.o(.text) refers to sysctl.o(i.SysCtlClockGet) for SysCtlClockGet
    rgb_led.o(.text) refers to timer.o(i.TimerLoadSet) for TimerLoadSet
    rgb_led.o(.text) refers to interrupt.o(i.IntEnable) for IntEnable
    rgb_led.o(.text) refers to timer.o(i.TimerIntEnable) for TimerIntEnable
    rgb_led.o(.text) refers to timer.o(i.TimerEnable) for TimerEnable
    rgb_led.o(.text) refers to timer.o(i.TimerIntClear) for TimerIntClear
    rgb_led.o(.text) refers to interrupt.o(i.IntMasterDisable) for IntMasterDisable
    rgb_led.o(.text) refers to ffltui.o(.text) for __aeabi_ui2f
    rgb_led.o(.text) refers to rgb_led.o(.data) for period
    uart2.o(.text) refers to startup_rvmdk.o(.text) for StartCritical
    uart2.o(.text) refers to uart2.o(.data) for rxLength
    uart2.o(.text) refers to uart2.o(.bss) for rxBuffer
    xbee.o(.text) refers to uart2.o(.text) for uart2Tx
    xbee.o(.text) refers to ece353_systick.o(.text) for sysTickWait1mS
    xbee.o(.text) refers to malloc.o(i.malloc) for malloc
    xbee.o(.text) refers to malloc.o(i.free) for free
    xbee.o(.text) refers to adc.o(.text) for ADCInit
    xbee.o(.text) refers to rit128x96x4.o(.text) for RIT128x96x4Init
    potentiometers.o(.text) refers to adc.o(.text) for ADCInit
    rit128x96x4.o(.text) refers to ssi.o(i.SSIBusy) for SSIBusy
    rit128x96x4.o(.text) refers to gpio.o(i.GPIOPinWrite) for GPIOPinWrite
    rit128x96x4.o(.text) refers to ssi.o(i.SSIDataPut) for SSIDataPut
    rit128x96x4.o(.text) refers to ssi.o(i.SSIDisable) for SSIDisable
    rit128x96x4.o(.text) refers to sysctl.o(i.SysCtlClockGet) for SysCtlClockGet
    rit128x96x4.o(.text) refers to ssi.o(i.SSIConfigSetExpClk) for SSIConfigSetExpClk
    rit128x96x4.o(.text) refers to gpio.o(i.GPIOPinTypeSSI) for GPIOPinTypeSSI
    rit128x96x4.o(.text) refers to gpio.o(i.GPIOPadConfigSet) for GPIOPadConfigSet
    rit128x96x4.o(.text) refers to ssi.o(i.SSIEnable) for SSIEnable
    rit128x96x4.o(.text) refers to ssi.o(i.SSIDataGetNonBlocking) for SSIDataGetNonBlocking
    rit128x96x4.o(.text) refers to gpio.o(i.GPIOPinTypeGPIOOutput) for GPIOPinTypeGPIOOutput
    rit128x96x4.o(.text) refers to sysctl.o(i.SysCtlPeripheralEnable) for SysCtlPeripheralEnable
    rit128x96x4.o(.text) refers to rit128x96x4.o(.data) for g_ulSSIFlags
    rit128x96x4.o(.text) refers to rit128x96x4.o(.constdata) for pucCommand1
    gpio.o(i.GPIOPinConfigure) refers to gpio.o(.constdata) for .constdata
    gpio.o(i.GPIOPinTypeADC) refers to gpio.o(i.GPIODirModeSet) for GPIODirModeSet
    gpio.o(i.GPIOPinTypeADC) refers to gpio.o(i.GPIOPadConfigSet) for GPIOPadConfigSet
    gpio.o(i.GPIOPinTypeCAN) refers to gpio.o(i.GPIODirModeSet) for GPIODirModeSet
    gpio.o(i.GPIOPinTypeCAN) refers to gpio.o(i.GPIOPadConfigSet) for GPIOPadConfigSet
    gpio.o(i.GPIOPinTypeComparator) refers to gpio.o(i.GPIODirModeSet) for GPIODirModeSet
    gpio.o(i.GPIOPinTypeComparator) refers to gpio.o(i.GPIOPadConfigSet) for GPIOPadConfigSet
    gpio.o(i.GPIOPinTypeEPI) refers to gpio.o(i.GPIODirModeSet) for GPIODirModeSet
    gpio.o(i.GPIOPinTypeEPI) refers to gpio.o(i.GPIOPadConfigSet) for GPIOPadConfigSet
    gpio.o(i.GPIOPinTypeEthernetLED) refers to gpio.o(i.GPIODirModeSet) for GPIODirModeSet
    gpio.o(i.GPIOPinTypeEthernetLED) refers to gpio.o(i.GPIOPadConfigSet) for GPIOPadConfigSet
    gpio.o(i.GPIOPinTypeEthernetMII) refers to gpio.o(i.GPIODirModeSet) for GPIODirModeSet
    gpio.o(i.GPIOPinTypeEthernetMII) refers to gpio.o(i.GPIOPadConfigSet) for GPIOPadConfigSet
    gpio.o(i.GPIOPinTypeFan) refers to gpio.o(i.GPIODirModeSet) for GPIODirModeSet
    gpio.o(i.GPIOPinTypeFan) refers to gpio.o(i.GPIOPadConfigSet) for GPIOPadConfigSet
    gpio.o(i.GPIOPinTypeGPIOInput) refers to gpio.o(i.GPIODirModeSet) for GPIODirModeSet
    gpio.o(i.GPIOPinTypeGPIOInput) refers to gpio.o(i.GPIOPadConfigSet) for GPIOPadConfigSet
    gpio.o(i.GPIOPinTypeGPIOOutput) refers to gpio.o(i.GPIOPadConfigSet) for GPIOPadConfigSet
    gpio.o(i.GPIOPinTypeGPIOOutput) refers to gpio.o(i.GPIODirModeSet) for GPIODirModeSet
    gpio.o(i.GPIOPinTypeGPIOOutputOD) refers to gpio.o(i.GPIOPadConfigSet) for GPIOPadConfigSet
    gpio.o(i.GPIOPinTypeGPIOOutputOD) refers to gpio.o(i.GPIODirModeSet) for GPIODirModeSet
    gpio.o(i.GPIOPinTypeI2C) refers to gpio.o(i.GPIODirModeSet) for GPIODirModeSet
    gpio.o(i.GPIOPinTypeI2C) refers to gpio.o(i.GPIOPadConfigSet) for GPIOPadConfigSet
    gpio.o(i.GPIOPinTypeI2CSCL) refers to gpio.o(i.GPIODirModeSet) for GPIODirModeSet
    gpio.o(i.GPIOPinTypeI2CSCL) refers to gpio.o(i.GPIOPadConfigSet) for GPIOPadConfigSet
    gpio.o(i.GPIOPinTypeI2S) refers to gpio.o(i.GPIODirModeSet) for GPIODirModeSet
    gpio.o(i.GPIOPinTypeI2S) refers to gpio.o(i.GPIOPadConfigSet) for GPIOPadConfigSet
    gpio.o(i.GPIOPinTypeLPC) refers to gpio.o(i.GPIODirModeSet) for GPIODirModeSet
    gpio.o(i.GPIOPinTypeLPC) refers to gpio.o(i.GPIOPadConfigSet) for GPIOPadConfigSet
    gpio.o(i.GPIOPinTypePECIRx) refers to gpio.o(i.GPIODirModeSet) for GPIODirModeSet
    gpio.o(i.GPIOPinTypePECIRx) refers to gpio.o(i.GPIOPadConfigSet) for GPIOPadConfigSet
    gpio.o(i.GPIOPinTypePECITx) refers to gpio.o(i.GPIODirModeSet) for GPIODirModeSet
    gpio.o(i.GPIOPinTypePECITx) refers to gpio.o(i.GPIOPadConfigSet) for GPIOPadConfigSet
    gpio.o(i.GPIOPinTypePWM) refers to gpio.o(i.GPIODirModeSet) for GPIODirModeSet
    gpio.o(i.GPIOPinTypePWM) refers to gpio.o(i.GPIOPadConfigSet) for GPIOPadConfigSet
    gpio.o(i.GPIOPinTypeQEI) refers to gpio.o(i.GPIODirModeSet) for GPIODirModeSet
    gpio.o(i.GPIOPinTypeQEI) refers to gpio.o(i.GPIOPadConfigSet) for GPIOPadConfigSet
    gpio.o(i.GPIOPinTypeSSI) refers to gpio.o(i.GPIODirModeSet) for GPIODirModeSet
    gpio.o(i.GPIOPinTypeSSI) refers to gpio.o(i.GPIOPadConfigSet) for GPIOPadConfigSet
    gpio.o(i.GPIOPinTypeTimer) refers to gpio.o(i.GPIODirModeSet) for GPIODirModeSet
    gpio.o(i.GPIOPinTypeTimer) refers to gpio.o(i.GPIOPadConfigSet) for GPIOPadConfigSet
    gpio.o(i.GPIOPinTypeUART) refers to gpio.o(i.GPIODirModeSet) for GPIODirModeSet
    gpio.o(i.GPIOPinTypeUART) refers to gpio.o(i.GPIOPadConfigSet) for GPIOPadConfigSet
    gpio.o(i.GPIOPinTypeUSBAnalog) refers to gpio.o(i.GPIODirModeSet) for GPIODirModeSet
    gpio.o(i.GPIOPinTypeUSBAnalog) refers to gpio.o(i.GPIOPadConfigSet) for GPIOPadConfigSet
    gpio.o(i.GPIOPinTypeUSBDigital) refers to gpio.o(i.GPIODirModeSet) for GPIODirModeSet
    gpio.o(i.GPIOPinTypeUSBDigital) refers to gpio.o(i.GPIOPadConfigSet) for GPIOPadConfigSet
    gpio.o(i.GPIOPortIntRegister) refers to gpio.o(i.GPIOGetIntNumber) for GPIOGetIntNumber
    gpio.o(i.GPIOPortIntRegister) refers to interrupt.o(i.IntRegister) for IntRegister
    gpio.o(i.GPIOPortIntRegister) refers to interrupt.o(i.IntEnable) for IntEnable
    gpio.o(i.GPIOPortIntUnregister) refers to gpio.o(i.GPIOGetIntNumber) for GPIOGetIntNumber
    gpio.o(i.GPIOPortIntUnregister) refers to interrupt.o(i.IntDisable) for IntDisable
    gpio.o(i.GPIOPortIntUnregister) refers to interrupt.o(i.IntUnregister) for IntUnregister
    interrupt.o(i.IntDisable) refers to interrupt.o(.constdata) for .constdata
    interrupt.o(i.IntEnable) refers to interrupt.o(.constdata) for .constdata
    interrupt.o(i.IntIsEnabled) refers to interrupt.o(.constdata) for .constdata
    interrupt.o(i.IntMasterDisable) refers to cpu.o(.emb_text) for CPUcpsid
    interrupt.o(i.IntMasterEnable) refers to cpu.o(.emb_text) for CPUcpsie
    interrupt.o(i.IntPendClear) refers to interrupt.o(.constdata) for .constdata
    interrupt.o(i.IntPendSet) refers to interrupt.o(.constdata) for .constdata
    interrupt.o(i.IntPriorityGet) refers to interrupt.o(.constdata) for .constdata
    interrupt.o(i.IntPriorityGroupingGet) refers to interrupt.o(.constdata) for .constdata
    interrupt.o(i.IntPriorityGroupingSet) refers to interrupt.o(.constdata) for .constdata
    interrupt.o(i.IntPriorityMaskGet) refers to cpu.o(.emb_text) for CPUbasepriGet
    interrupt.o(i.IntPriorityMaskSet) refers to cpu.o(.emb_text) for CPUbasepriSet
    interrupt.o(i.IntPrioritySet) refers to interrupt.o(.constdata) for .constdata
    interrupt.o(i.IntRegister) refers to interrupt.o(vtable) for vtable
    interrupt.o(i.IntUnregister) refers to interrupt.o(i.IntDefaultHandler) for IntDefaultHandler
    interrupt.o(i.IntUnregister) refers to interrupt.o(vtable) for vtable
    ssi.o(i.SSIIntRegister) refers to interrupt.o(i.IntRegister) for IntRegister
    ssi.o(i.SSIIntRegister) refers to interrupt.o(i.IntEnable) for IntEnable
    ssi.o(i.SSIIntRegister) refers to ssi.o(.constdata) for .constdata
    ssi.o(i.SSIIntUnregister) refers to interrupt.o(i.IntDisable) for IntDisable
    ssi.o(i.SSIIntUnregister) refers to interrupt.o(i.IntUnregister) for IntUnregister
    ssi.o(i.SSIIntUnregister) refers to ssi.o(.constdata) for .constdata
    sysctl.o(i.SysCtlClockGet) refers to sysctl.o(.constdata) for .constdata
    sysctl.o(i.SysCtlClockSet) refers to sysctl.o(.emb_text) for SysCtlDelay
    sysctl.o(i.SysCtlDeepSleep) refers to cpu.o(.emb_text) for CPUwfi
    sysctl.o(i.SysCtlI2SMClkSet) refers to sysctl.o(.constdata) for .constdata
    sysctl.o(i.SysCtlIntRegister) refers to interrupt.o(i.IntRegister) for IntRegister
    sysctl.o(i.SysCtlIntRegister) refers to interrupt.o(i.IntEnable) for IntEnable
    sysctl.o(i.SysCtlIntUnregister) refers to interrupt.o(i.IntDisable) for IntDisable
    sysctl.o(i.SysCtlIntUnregister) refers to interrupt.o(i.IntUnregister) for IntUnregister
    sysctl.o(i.SysCtlPeripheralDeepSleepDisable) refers to sysctl.o(.constdata) for .constdata
    sysctl.o(i.SysCtlPeripheralDeepSleepEnable) refers to sysctl.o(.constdata) for .constdata
    sysctl.o(i.SysCtlPeripheralDisable) refers to sysctl.o(.constdata) for .constdata
    sysctl.o(i.SysCtlPeripheralEnable) refers to sysctl.o(.constdata) for .constdata
    sysctl.o(i.SysCtlPeripheralPowerOff) refers to sysctl.o(.constdata) for .constdata
    sysctl.o(i.SysCtlPeripheralPowerOn) refers to sysctl.o(.constdata) for .constdata
    sysctl.o(i.SysCtlPeripheralPresent) refers to sysctl.o(.constdata) for .constdata
    sysctl.o(i.SysCtlPeripheralReady) refers to sysctl.o(.constdata) for .constdata
    sysctl.o(i.SysCtlPeripheralReset) refers to sysctl.o(.constdata) for .constdata
    sysctl.o(i.SysCtlPeripheralSleepDisable) refers to sysctl.o(.constdata) for .constdata
    sysctl.o(i.SysCtlPeripheralSleepEnable) refers to sysctl.o(.constdata) for .constdata
    sysctl.o(i.SysCtlSleep) refers to cpu.o(.emb_text) for CPUwfi
    timer.o(i.TimerIntRegister) refers to interrupt.o(i.IntRegister) for IntRegister
    timer.o(i.TimerIntRegister) refers to interrupt.o(i.IntEnable) for IntEnable
    timer.o(i.TimerIntRegister) refers to timer.o(.constdata) for .constdata
    timer.o(i.TimerIntUnregister) refers to interrupt.o(i.IntDisable) for IntDisable
    timer.o(i.TimerIntUnregister) refers to interrupt.o(i.IntUnregister) for IntUnregister
    timer.o(i.TimerIntUnregister) refers to timer.o(.constdata) for .constdata
    timer.o(i.TimerQuiesce) refers to interrupt.o(i.IntDisable) for IntDisable
    timer.o(i.TimerQuiesce) refers to interrupt.o(i.IntUnregister) for IntUnregister
    timer.o(i.TimerQuiesce) refers to timer.o(.constdata) for .constdata
    adc.o(.text) refers to sysctl.o(i.SysCtlClockSet) for SysCtlClockSet
    entry.o(.ARM.Collect$$$$00000000) refers (Special) to entry10a.o(.ARM.Collect$$$$0000000D) for __rt_final_cpp
    entry.o(.ARM.Collect$$$$00000000) refers (Special) to entry11a.o(.ARM.Collect$$$$0000000F) for __rt_final_exit
    entry.o(.ARM.Collect$$$$00000000) refers (Special) to entry7b.o(.ARM.Collect$$$$00000008) for _main_clock
    entry.o(.ARM.Collect$$$$00000000) refers (Special) to entry8b.o(.ARM.Collect$$$$0000000A) for _main_cpp_init
    entry.o(.ARM.Collect$$$$00000000) refers (Special) to entry9a.o(.ARM.Collect$$$$0000000B) for _main_init
    entry.o(.ARM.Collect$$$$00000000) refers (Special) to entry5.o(.ARM.Collect$$$$00000004) for _main_scatterload
    entry.o(.ARM.Collect$$$$00000000) refers (Special) to entry2.o(.ARM.Collect$$$$00000001) for _main_stk
    malloc.o(i.free) refers to mvars.o(.data) for __microlib_freelist
    malloc.o(i.malloc) refers to mvars.o(.data) for __microlib_freelist_initialised
    malloc.o(i.malloc) refers to mvars.o(.data) for __microlib_freelist
    malloc.o(i.malloc) refers to startup_rvmdk.o(HEAP) for __heap_base
    mallocr.o(i.__free$realloc) refers to mvars.o(.data) for __microlib_freelist
    mallocr.o(i.__malloc$realloc) refers to mallocr.o(i.internal_alloc) for internal_alloc
    mallocr.o(i.__malloc$realloc) refers to mvars.o(.data) for __microlib_freelist_initialised
    mallocr.o(i.__malloc$realloc) refers to startup_rvmdk.o(HEAP) for __heap_base
    mallocr.o(i.__malloc$realloc) refers to mvars.o(.data) for __microlib_freelist
    mallocr.o(i.internal_alloc) refers to memcpya.o(.text) for __aeabi_memcpy
    mallocr.o(i.internal_alloc) refers to mvars.o(.data) for __microlib_freelist
    mallocr.o(i.realloc) refers to mallocr.o(i.__free$realloc) for __free$realloc
    mallocr.o(i.realloc) refers to mallocr.o(i.internal_alloc) for internal_alloc
    mallocr.o(i.realloc) refers to mallocr.o(i.__malloc$realloc) for __malloc$realloc
    mallocr.o(i.realloc) refers to mvars.o(.data) for __microlib_freelist
    malloca.o(i.__aligned_malloc) refers to mvars.o(.data) for __microlib_freelist_initialised
    malloca.o(i.__aligned_malloc) refers to mvars.o(.data) for __microlib_freelist
    malloca.o(i.__aligned_malloc) refers to startup_rvmdk.o(HEAP) for __heap_base
    malloca.o(i.__free$memalign) refers to mvars.o(.data) for __microlib_freelist
    malloca.o(i.__malloc$memalign) refers to malloca.o(i.__aligned_malloc) for __aligned_malloc
    mallocra.o(i.__aligned_malloc$realloc) refers to mallocra.o(i.internal_alloc) for internal_alloc
    mallocra.o(i.__aligned_malloc$realloc) refers to mvars.o(.data) for __microlib_freelist_initialised
    mallocra.o(i.__aligned_malloc$realloc) refers to startup_rvmdk.o(HEAP) for __heap_base
    mallocra.o(i.__aligned_malloc$realloc) refers to mvars.o(.data) for __microlib_freelist
    mallocra.o(i.__free$realloc$memalign) refers to mvars.o(.data) for __microlib_freelist
    mallocra.o(i.__malloc$realloc$memalign) refers to mallocra.o(i.__aligned_malloc$realloc) for __aligned_malloc$realloc
    mallocra.o(i.__realloc$memalign) refers to mallocra.o(i.__free$realloc$memalign) for __free$realloc$memalign
    mallocra.o(i.__realloc$memalign) refers to mallocra.o(i.internal_alloc) for internal_alloc
    mallocra.o(i.__realloc$memalign) refers to mallocra.o(i.__malloc$realloc$memalign) for __malloc$realloc$memalign
    mallocra.o(i.__realloc$memalign) refers to mvars.o(.data) for __microlib_freelist
    mallocra.o(i.internal_alloc) refers to memcpya.o(.text) for __aeabi_memcpy
    mallocra.o(i.internal_alloc) refers to mvars.o(.data) for __microlib_freelist
    fmul.o(.text) refers (Special) to iusefp.o(.text) for __I$use$fp
    fdiv.o(.text) refers (Special) to iusefp.o(.text) for __I$use$fp
    fdiv.o(.text) refers to fepilogue.o(.text) for _float_round
    fflti.o(.text) refers (Special) to iusefp.o(.text) for __I$use$fp
    fflti.o(.text) refers to fepilogue.o(.text) for _float_epilogue
    ffltui.o(.text) refers (Special) to iusefp.o(.text) for __I$use$fp
    ffltui.o(.text) refers to fepilogue.o(.text) for _float_epilogue
    ffixi.o(.text) refers (Special) to iusefp.o(.text) for __I$use$fp
    entry2.o(.ARM.Collect$$$$00000001) refers to entry2.o(.ARM.Collect$$$$00002712) for __lit__00000000
    entry2.o(.ARM.Collect$$$$00002712) refers to startup_rvmdk.o(STACK) for __initial_sp
    entry2.o(__vectab_stack_and_reset_area) refers to startup_rvmdk.o(STACK) for __initial_sp
    entry2.o(__vectab_stack_and_reset_area) refers to entry.o(.ARM.Collect$$$$00000000) for __main
    entry5.o(.ARM.Collect$$$$00000004) refers to init.o(.text) for __scatterload
    entry9a.o(.ARM.Collect$$$$0000000B) refers to lab10.o(i.main) for main
    entry9b.o(.ARM.Collect$$$$0000000C) refers to lab10.o(i.main) for main
    init.o(.text) refers to entry5.o(.ARM.Collect$$$$00000004) for __main_after_scatterload


==============================================================================

Removing Unused input sections from the image.

    Removing gpio.o(i.GPIOADCTriggerDisable), (14 bytes).
    Removing gpio.o(i.GPIOADCTriggerEnable), (14 bytes).
    Removing gpio.o(i.GPIODMATriggerDisable), (14 bytes).
    Removing gpio.o(i.GPIODMATriggerEnable), (14 bytes).
    Removing gpio.o(i.GPIODirModeGet), (34 bytes).
    Removing gpio.o(i.GPIOGetIntNumber), (212 bytes).
    Removing gpio.o(i.GPIOIntTypeGet), (48 bytes).
    Removing gpio.o(i.GPIOIntTypeSet), (58 bytes).
    Removing gpio.o(i.GPIOPadConfigGet), (140 bytes).
    Removing gpio.o(i.GPIOPinConfigure), (72 bytes).
    Removing gpio.o(i.GPIOPinIntClear), (6 bytes).
    Removing gpio.o(i.GPIOPinIntDisable), (14 bytes).
    Removing gpio.o(i.GPIOPinIntEnable), (14 bytes).
    Removing gpio.o(i.GPIOPinIntStatus), (14 bytes).
    Removing gpio.o(i.GPIOPinRead), (6 bytes).
    Removing gpio.o(i.GPIOPinTypeADC), (28 bytes).
    Removing gpio.o(i.GPIOPinTypeCAN), (28 bytes).
    Removing gpio.o(i.GPIOPinTypeComparator), (28 bytes).
    Removing gpio.o(i.GPIOPinTypeEPI), (28 bytes).
    Removing gpio.o(i.GPIOPinTypeEthernetLED), (28 bytes).
    Removing gpio.o(i.GPIOPinTypeEthernetMII), (28 bytes).
    Removing gpio.o(i.GPIOPinTypeFan), (28 bytes).
    Removing gpio.o(i.GPIOPinTypeGPIOInput), (28 bytes).
    Removing gpio.o(i.GPIOPinTypeGPIOOutputOD), (28 bytes).
    Removing gpio.o(i.GPIOPinTypeI2C), (28 bytes).
    Removing gpio.o(i.GPIOPinTypeI2CSCL), (72 bytes).
    Removing gpio.o(i.GPIOPinTypeI2S), (28 bytes).
    Removing gpio.o(i.GPIOPinTypeLPC), (28 bytes).
    Removing gpio.o(i.GPIOPinTypePECIRx), (28 bytes).
    Removing gpio.o(i.GPIOPinTypePECITx), (28 bytes).
    Removing gpio.o(i.GPIOPinTypePWM), (28 bytes).
    Removing gpio.o(i.GPIOPinTypeQEI), (28 bytes).
    Removing gpio.o(i.GPIOPinTypeTimer), (28 bytes).
    Removing gpio.o(i.GPIOPinTypeUART), (28 bytes).
    Removing gpio.o(i.GPIOPinTypeUSBAnalog), (28 bytes).
    Removing gpio.o(i.GPIOPinTypeUSBDigital), (28 bytes).
    Removing gpio.o(i.GPIOPortIntRegister), (26 bytes).
    Removing gpio.o(i.GPIOPortIntUnregister), (22 bytes).
    Removing gpio.o(.constdata), (120 bytes).
    Removing interrupt.o(i.IntDefaultHandler), (2 bytes).
    Removing interrupt.o(i.IntDisable), (100 bytes).
    Removing interrupt.o(i.IntIsEnabled), (96 bytes).
    Removing interrupt.o(i.IntPendClear), (68 bytes).
    Removing interrupt.o(i.IntPendSet), (84 bytes).
    Removing interrupt.o(i.IntPriorityGet), (28 bytes).
    Removing interrupt.o(i.IntPriorityGroupingGet), (40 bytes).
    Removing interrupt.o(i.IntPriorityGroupingSet), (28 bytes).
    Removing interrupt.o(i.IntPriorityMaskGet), (4 bytes).
    Removing interrupt.o(i.IntPriorityMaskSet), (4 bytes).
    Removing interrupt.o(i.IntPrioritySet), (40 bytes).
    Removing interrupt.o(i.IntRegister), (52 bytes).
    Removing interrupt.o(i.IntUnregister), (20 bytes).
    Removing interrupt.o(vtable), (620 bytes).
    Removing ssi.o(i.SSIClockSourceGet), (6 bytes).
    Removing ssi.o(i.SSIClockSourceSet), (6 bytes).
    Removing ssi.o(i.SSIDMADisable), (10 bytes).
    Removing ssi.o(i.SSIDMAEnable), (8 bytes).
    Removing ssi.o(i.SSIDataGet), (14 bytes).
    Removing ssi.o(i.SSIDataPutNonBlocking), (16 bytes).
    Removing ssi.o(i.SSIIntClear), (4 bytes).
    Removing ssi.o(i.SSIIntDisable), (10 bytes).
    Removing ssi.o(i.SSIIntEnable), (8 bytes).
    Removing ssi.o(i.SSIIntRegister), (52 bytes).
    Removing ssi.o(i.SSIIntStatus), (10 bytes).
    Removing ssi.o(i.SSIIntUnregister), (52 bytes).
    Removing ssi.o(.constdata), (32 bytes).
    Removing sysctl.o(i.SysCtlADCSpeedGet), (16 bytes).
    Removing sysctl.o(i.SysCtlADCSpeedSet), (32 bytes).
    Removing sysctl.o(i.SysCtlBrownOutConfigSet), (16 bytes).
    Removing sysctl.o(i.SysCtlClkVerificationClear), (20 bytes).
    Removing sysctl.o(i.SysCtlDeepSleep), (32 bytes).
    Removing sysctl.o(i.SysCtlDeepSleepClockSet), (12 bytes).
    Removing sysctl.o(i.SysCtlFlashSizeGet), (20 bytes).
    Removing sysctl.o(i.SysCtlGPIOAHBDisable), (20 bytes).
    Removing sysctl.o(i.SysCtlGPIOAHBEnable), (16 bytes).
    Removing sysctl.o(i.SysCtlI2SMClkSet), (216 bytes).
    Removing sysctl.o(i.SysCtlIOSCVerificationSet), (24 bytes).
    Removing sysctl.o(i.SysCtlIntClear), (12 bytes).
    Removing sysctl.o(i.SysCtlIntDisable), (16 bytes).
    Removing sysctl.o(i.SysCtlIntEnable), (16 bytes).
    Removing sysctl.o(i.SysCtlIntRegister), (20 bytes).
    Removing sysctl.o(i.SysCtlIntStatus), (16 bytes).
    Removing sysctl.o(i.SysCtlIntUnregister), (18 bytes).
    Removing sysctl.o(i.SysCtlLDOConfigSet), (12 bytes).
    Removing sysctl.o(i.SysCtlLDOGet), (12 bytes).
    Removing sysctl.o(i.SysCtlLDOSet), (12 bytes).
    Removing sysctl.o(i.SysCtlMOSCConfigSet), (12 bytes).
    Removing sysctl.o(i.SysCtlMOSCVerificationSet), (24 bytes).
    Removing sysctl.o(i.SysCtlPIOSCCalibrate), (76 bytes).
    Removing sysctl.o(i.SysCtlPLLVerificationSet), (24 bytes).
    Removing sysctl.o(i.SysCtlPWMClockGet), (24 bytes).
    Removing sysctl.o(i.SysCtlPWMClockSet), (20 bytes).
    Removing sysctl.o(i.SysCtlPeripheralClockGating), (24 bytes).
    Removing sysctl.o(i.SysCtlPeripheralDeepSleepDisable), (80 bytes).
    Removing sysctl.o(i.SysCtlPeripheralDeepSleepEnable), (80 bytes).
    Removing sysctl.o(i.SysCtlPeripheralDisable), (80 bytes).
    Removing sysctl.o(i.SysCtlPeripheralPowerOff), (72 bytes).
    Removing sysctl.o(i.SysCtlPeripheralPowerOn), (72 bytes).
    Removing sysctl.o(i.SysCtlPeripheralPresent), (112 bytes).
    Removing sysctl.o(i.SysCtlPeripheralReady), (72 bytes).
    Removing sysctl.o(i.SysCtlPeripheralReset), (120 bytes).
    Removing sysctl.o(i.SysCtlPeripheralSleepDisable), (80 bytes).
    Removing sysctl.o(i.SysCtlPeripheralSleepEnable), (80 bytes).
    Removing sysctl.o(i.SysCtlPinPresent), (16 bytes).
    Removing sysctl.o(i.SysCtlReset), (16 bytes).
    Removing sysctl.o(i.SysCtlResetCauseClear), (16 bytes).
    Removing sysctl.o(i.SysCtlResetCauseGet), (12 bytes).
    Removing sysctl.o(i.SysCtlSRAMSizeGet), (20 bytes).
    Removing sysctl.o(i.SysCtlSleep), (4 bytes).
    Removing sysctl.o(i.SysCtlUSBPLLDisable), (16 bytes).
    Removing sysctl.o(i.SysCtlUSBPLLEnable), (16 bytes).
    Removing timer.o(i.TimerControlEvent), (18 bytes).
    Removing timer.o(i.TimerControlLevel), (22 bytes).
    Removing timer.o(i.TimerControlStall), (22 bytes).
    Removing timer.o(i.TimerControlTrigger), (22 bytes).
    Removing timer.o(i.TimerControlWaitOnTrigger), (48 bytes).
    Removing timer.o(i.TimerDisable), (16 bytes).
    Removing timer.o(i.TimerIntDisable), (10 bytes).
    Removing timer.o(i.TimerIntRegister), (88 bytes).
    Removing timer.o(i.TimerIntStatus), (10 bytes).
    Removing timer.o(i.TimerIntUnregister), (80 bytes).
    Removing timer.o(i.TimerLoadGet), (10 bytes).
    Removing timer.o(i.TimerLoadGet64), (14 bytes).
    Removing timer.o(i.TimerLoadSet64), (6 bytes).
    Removing timer.o(i.TimerMatchGet), (10 bytes).
    Removing timer.o(i.TimerMatchGet64), (14 bytes).
    Removing timer.o(i.TimerMatchSet), (18 bytes).
    Removing timer.o(i.TimerMatchSet64), (6 bytes).
    Removing timer.o(i.TimerPrescaleGet), (10 bytes).
    Removing timer.o(i.TimerPrescaleMatchGet), (10 bytes).
    Removing timer.o(i.TimerPrescaleMatchSet), (18 bytes).
    Removing timer.o(i.TimerPrescaleSet), (18 bytes).
    Removing timer.o(i.TimerQuiesce), (132 bytes).
    Removing timer.o(i.TimerRTCDisable), (10 bytes).
    Removing timer.o(i.TimerRTCEnable), (10 bytes).
    Removing timer.o(i.TimerSynchronize), (4 bytes).
    Removing timer.o(i.TimerValueGet), (10 bytes).
    Removing timer.o(i.TimerValueGet64), (14 bytes).
    Removing timer.o(.constdata), (96 bytes).

139 unused section(s) (total 5360 bytes) removed from the image.

==============================================================================

Image Symbol Table

    Local Symbols

    Symbol Name                              Value     Ov Type        Size  Object(Section)

    RESET                                    0x00000000   Section      252  startup_rvmdk.o(RESET)
    ../clib/microlib/init/entry.s            0x00000000   Number         0  entry7b.o ABSOLUTE
    ../clib/microlib/init/entry.s            0x00000000   Number         0  entry8b.o ABSOLUTE
    ../clib/microlib/init/entry.s            0x00000000   Number         0  entry11a.o ABSOLUTE
    ../clib/microlib/init/entry.s            0x00000000   Number         0  entry9a.o ABSOLUTE
    ../clib/microlib/init/entry.s            0x00000000   Number         0  entry9b.o ABSOLUTE
    ../clib/microlib/init/entry.s            0x00000000   Number         0  entry10a.o ABSOLUTE
    ../clib/microlib/init/entry.s            0x00000000   Number         0  entry8a.o ABSOLUTE
    ../clib/microlib/init/entry.s            0x00000000   Number         0  entry10b.o ABSOLUTE
    ../clib/microlib/init/entry.s            0x00000000   Number         0  entry5.o ABSOLUTE
    ../clib/microlib/init/entry.s            0x00000000   Number         0  entry11b.o ABSOLUTE
    ../clib/microlib/init/entry.s            0x00000000   Number         0  entry2.o ABSOLUTE
    ../clib/microlib/init/entry.s            0x00000000   Number         0  entry7a.o ABSOLUTE
    ../clib/microlib/init/entry.s            0x00000000   Number         0  entry.o ABSOLUTE
    ../clib/microlib/malloc/malloc.c         0x00000000   Number         0  mallocra.o ABSOLUTE
    ../clib/microlib/malloc/malloc.c         0x00000000   Number         0  malloc.o ABSOLUTE
    ../clib/microlib/malloc/malloc.c         0x00000000   Number         0  malloca.o ABSOLUTE
    ../clib/microlib/malloc/malloc.c         0x00000000   Number         0  mallocr.o ABSOLUTE
    ../clib/microlib/malloc/mvars.c          0x00000000   Number         0  mvars.o ABSOLUTE
    ../clib/microlib/string/memcpy.c         0x00000000   Number         0  memcpyb.o ABSOLUTE
    ../clib/microlib/string/memcpy.c         0x00000000   Number         0  memcpya.o ABSOLUTE
    ../clib/microlib/stubs.s                 0x00000000   Number         0  iusefp.o ABSOLUTE
    ../fplib/microlib/fpdiv.c                0x00000000   Number         0  fdiv.o ABSOLUTE
    ../fplib/microlib/fpepilogue.c           0x00000000   Number         0  fepilogue.o ABSOLUTE
    ../fplib/microlib/fpfix.c                0x00000000   Number         0  ffixi.o ABSOLUTE
    ../fplib/microlib/fpflt.c                0x00000000   Number         0  ffltui.o ABSOLUTE
    ../fplib/microlib/fpflt.c                0x00000000   Number         0  fflti.o ABSOLUTE
    ../fplib/microlib/fpmul.c                0x00000000   Number         0  fmul.o ABSOLUTE
    ADC.c                                    0x00000000   Number         0  adc.o ABSOLUTE
    DIPSwitch.c                              0x00000000   Number         0  dipswitch.o ABSOLUTE
    LEDBarOutput.c                           0x00000000   Number         0  ledbaroutput.o ABSOLUTE
    Lab10.c                                  0x00000000   Number         0  lab10.o ABSOLUTE
    Potentiometers.c                         0x00000000   Number         0  potentiometers.o ABSOLUTE
    Pushbutton.c                             0x00000000   Number         0  pushbutton.o ABSOLUTE
    RGB_LED.c                                0x00000000   Number         0  rgb_led.o ABSOLUTE
    Xbee.c                                   0x00000000   Number         0  xbee.o ABSOLUTE
    cpu.c                                    0x00000000   Number         0  cpu.o ABSOLUTE
    cpu.c                                    0x00000000   Number         0  cpu.o ABSOLUTE
    dc.s                                     0x00000000   Number         0  dc.o ABSOLUTE
    ece353_systick.c                         0x00000000   Number         0  ece353_systick.o ABSOLUTE
    gpio.c                                   0x00000000   Number         0  gpio.o ABSOLUTE
    handlers.s                               0x00000000   Number         0  handlers.o ABSOLUTE
    init.s                                   0x00000000   Number         0  init.o ABSOLUTE
    interrupt.c                              0x00000000   Number         0  interrupt.o ABSOLUTE
    rit128x96x4.c                            0x00000000   Number         0  rit128x96x4.o ABSOLUTE
    ssi.c                                    0x00000000   Number         0  ssi.o ABSOLUTE
    startup_rvmdk.S                          0x00000000   Number         0  startup_rvmdk.o ABSOLUTE
    sysctl.c                                 0x00000000   Number         0  sysctl.o ABSOLUTE
    sysctl.c                                 0x00000000   Number         0  sysctl.o ABSOLUTE
    timer.c                                  0x00000000   Number         0  timer.o ABSOLUTE
    uart2.c                                  0x00000000   Number         0  uart2.o ABSOLUTE
    NmiSR                                    0x000000f5   Thumb Code     0  startup_rvmdk.o(RESET)
    FaultISR                                 0x000000f7   Thumb Code     0  startup_rvmdk.o(RESET)
    IntDefaultHandler                        0x000000f9   Thumb Code     0  startup_rvmdk.o(RESET)
    .ARM.Collect$$$$00000000                 0x000000fc   Section        0  entry.o(.ARM.Collect$$$$00000000)
    .ARM.Collect$$$$00000001                 0x000000fc   Section        4  entry2.o(.ARM.Collect$$$$00000001)
    .ARM.Collect$$$$00000004                 0x00000100   Section        4  entry5.o(.ARM.Collect$$$$00000004)
    .ARM.Collect$$$$00000008                 0x00000104   Section        0  entry7b.o(.ARM.Collect$$$$00000008)
    .ARM.Collect$$$$0000000A                 0x00000104   Section        0  entry8b.o(.ARM.Collect$$$$0000000A)
    .ARM.Collect$$$$0000000B                 0x00000104   Section        8  entry9a.o(.ARM.Collect$$$$0000000B)
    .ARM.Collect$$$$0000000D                 0x0000010c   Section        0  entry10a.o(.ARM.Collect$$$$0000000D)
    .ARM.Collect$$$$0000000F                 0x0000010c   Section        0  entry11a.o(.ARM.Collect$$$$0000000F)
    .ARM.Collect$$$$00002712                 0x0000010c   Section        4  entry2.o(.ARM.Collect$$$$00002712)
    __lit__00000000                          0x0000010c   Data           4  entry2.o(.ARM.Collect$$$$00002712)
    .emb_text                                0x00000110   Section        6  sysctl.o(.emb_text)
    .emb_text                                0x00000118   Section       38  cpu.o(.emb_text)
    .text                                    0x00000140   Section       28  startup_rvmdk.o(.text)
    .text                                    0x0000015c   Section        0  dipswitch.o(.text)
    .text                                    0x00000244   Section        0  ledbaroutput.o(.text)
    .text                                    0x00000360   Section        0  pushbutton.o(.text)
    .text                                    0x000003ec   Section        0  rgb_led.o(.text)
    .text                                    0x0000075c   Section        0  ece353_systick.o(.text)
    .text                                    0x00000830   Section        0  uart2.o(.text)
    .text                                    0x000009e8   Section        0  xbee.o(.text)
    .text                                    0x00000ea8   Section        0  potentiometers.o(.text)
    .text                                    0x00000ee8   Section        0  rit128x96x4.o(.text)
    RITWriteCommand                          0x00000ee9   Thumb Code   128  rit128x96x4.o(.text)
    RITWriteData                             0x00000f69   Thumb Code   128  rit128x96x4.o(.text)
    .text                                    0x00001368   Section        0  adc.o(.text)
    .text                                    0x00001590   Section        0  fmul.o(.text)
    .text                                    0x000015fc   Section        0  fdiv.o(.text)
    .text                                    0x0000167c   Section        0  fflti.o(.text)
    .text                                    0x0000168e   Section        0  ffltui.o(.text)
    .text                                    0x00001698   Section        0  ffixi.o(.text)
    .text                                    0x000016ca   Section        0  fepilogue.o(.text)
    .text                                    0x000016ca   Section        0  iusefp.o(.text)
    .text                                    0x00001738   Section       36  init.o(.text)
    i.GPIODirModeSet                         0x0000175c   Section        0  gpio.o(i.GPIODirModeSet)
    i.GPIOPadConfigSet                       0x00001784   Section        0  gpio.o(i.GPIOPadConfigSet)
    i.GPIOPinTypeGPIOOutput                  0x00001834   Section        0  gpio.o(i.GPIOPinTypeGPIOOutput)
    i.GPIOPinTypeSSI                         0x00001850   Section        0  gpio.o(i.GPIOPinTypeSSI)
    i.GPIOPinWrite                           0x0000186c   Section        0  gpio.o(i.GPIOPinWrite)
    i.IntEnable                              0x00001874   Section        0  interrupt.o(i.IntEnable)
    i.IntMasterDisable                       0x000018d8   Section        0  interrupt.o(i.IntMasterDisable)
    i.IntMasterEnable                        0x000018e2   Section        0  interrupt.o(i.IntMasterEnable)
    i.SSIBusy                                0x000018ec   Section        0  ssi.o(i.SSIBusy)
    i.SSIConfigSetExpClk                     0x000018f4   Section        0  ssi.o(i.SSIConfigSetExpClk)
    i.SSIDataGetNonBlocking                  0x0000193e   Section        0  ssi.o(i.SSIDataGetNonBlocking)
    i.SSIDataPut                             0x00001952   Section        0  ssi.o(i.SSIDataPut)
    i.SSIDisable                             0x0000195e   Section        0  ssi.o(i.SSIDisable)
    i.SSIEnable                              0x00001968   Section        0  ssi.o(i.SSIEnable)
    i.SysCtlClockGet                         0x00001974   Section        0  sysctl.o(i.SysCtlClockGet)
    i.SysCtlClockSet                         0x00001ba4   Section        0  sysctl.o(i.SysCtlClockSet)
    i.SysCtlPeripheralEnable                 0x00001cf0   Section        0  sysctl.o(i.SysCtlPeripheralEnable)
    i.TimerConfigure                         0x00001d40   Section        0  timer.o(i.TimerConfigure)
    i.TimerEnable                            0x00001d64   Section        0  timer.o(i.TimerEnable)
    i.TimerIntClear                          0x00001d72   Section        0  timer.o(i.TimerIntClear)
    i.TimerIntEnable                         0x00001d76   Section        0  timer.o(i.TimerIntEnable)
    i.TimerLoadSet                           0x00001d7e   Section        0  timer.o(i.TimerLoadSet)
    i.__scatterload_copy                     0x00001d90   Section       14  handlers.o(i.__scatterload_copy)
    i.__scatterload_null                     0x00001d9e   Section        2  handlers.o(i.__scatterload_null)
    i.__scatterload_zeroinit                 0x00001da0   Section       14  handlers.o(i.__scatterload_zeroinit)
    i.addPiece                               0x00001dae   Section        0  lab10.o(i.addPiece)
    i.blink                                  0x00001dc8   Section        0  lab10.o(i.blink)
    i.checkValidColumn                       0x00001e40   Section        0  lab10.o(i.checkValidColumn)
    i.checkWin                               0x00001e52   Section        0  lab10.o(i.checkWin)
    i.clearBoard                             0x00001f26   Section        0  lab10.o(i.clearBoard)
    i.convert                                0x00001f38   Section        0  lab10.o(i.convert)
    i.drawBoard                              0x00001f54   Section        0  lab10.o(i.drawBoard)
    i.free                                   0x00001fdc   Section        0  malloc.o(i.free)
    i.main                                   0x0000202c   Section        0  lab10.o(i.main)
    i.malloc                                 0x000023e8   Section        0  malloc.o(i.malloc)
    .constdata                               0x00002454   Section       10  lab10.o(.constdata)
    .constdata                               0x0000245e   Section      571  rit128x96x4.o(.constdata)
    g_pucRIT128x96x4VerticalInc              0x0000245e   Data           2  rit128x96x4.o(.constdata)
    g_pucRIT128x96x4HorizontalInc            0x00002460   Data           2  rit128x96x4.o(.constdata)
    g_pucFont                                0x00002462   Data         480  rit128x96x4.o(.constdata)
    g_pucRIT128x96x4Init                     0x00002642   Data          79  rit128x96x4.o(.constdata)
    pucCommand1                              0x00002691   Data           3  rit128x96x4.o(.constdata)
    pucCommand2                              0x00002694   Data           3  rit128x96x4.o(.constdata)
    pucCommand1                              0x00002697   Data           2  rit128x96x4.o(.constdata)
    .constdata                               0x0000269c   Section      268  interrupt.o(.constdata)
    g_pulPriority                            0x0000269c   Data          32  interrupt.o(.constdata)
    g_pulRegs                                0x000026bc   Data         156  interrupt.o(.constdata)
    g_pulEnRegs                              0x00002758   Data          20  interrupt.o(.constdata)
    g_pulDisRegs                             0x0000276c   Data          20  interrupt.o(.constdata)
    g_pulPendRegs                            0x00002780   Data          20  interrupt.o(.constdata)
    g_pulUnpendRegs                          0x00002794   Data          20  interrupt.o(.constdata)
    .constdata                               0x000027a8   Section      460  sysctl.o(.constdata)
    g_pulDCRegs                              0x000027a8   Data          16  sysctl.o(.constdata)
    g_pulSRCRRegs                            0x000027b8   Data          12  sysctl.o(.constdata)
    g_pulRCGCRegs                            0x000027c4   Data          12  sysctl.o(.constdata)
    g_pulSCGCRegs                            0x000027d0   Data          12  sysctl.o(.constdata)
    g_pulDCGCRegs                            0x000027dc   Data          12  sysctl.o(.constdata)
    g_pulXtals                               0x000027e8   Data         108  sysctl.o(.constdata)
    g_ppulPeripheralMap                      0x00002854   Data         288  sysctl.o(.constdata)
    .data                                    0x20000000   Section       32  rgb_led.o(.data)
    redDC                                    0x20000000   Data           4  rgb_led.o(.data)
    greenDC                                  0x20000004   Data           4  rgb_led.o(.data)
    blueDC                                   0x20000008   Data           4  rgb_led.o(.data)
    period                                   0x2000000c   Data           4  rgb_led.o(.data)
    periodIter                               0x20000010   Data           4  rgb_led.o(.data)
    redIter                                  0x20000014   Data           4  rgb_led.o(.data)
    greenIter                                0x20000018   Data           4  rgb_led.o(.data)
    blueIter                                 0x2000001c   Data           4  rgb_led.o(.data)
    .data                                    0x20000020   Section        8  uart2.o(.data)
    rxIndex                                  0x20000020   Data           4  uart2.o(.data)
    rxLength                                 0x20000024   Data           4  uart2.o(.data)
    .data                                    0x20000028   Section       12  rit128x96x4.o(.data)
    g_ulSSIFlags                             0x20000028   Data           4  rit128x96x4.o(.data)
    g_pucBuffer                              0x2000002c   Data           8  rit128x96x4.o(.data)
    .data                                    0x20000034   Section        4  mvars.o(.data)
    .data                                    0x20000038   Section        4  mvars.o(.data)
    .bss                                     0x2000003c   Section      128  uart2.o(.bss)
    rxBuffer                                 0x2000003c   Data         128  uart2.o(.bss)
    HEAP                                     0x200000c0   Section     4096  startup_rvmdk.o(HEAP)
    STACK                                    0x200010c0   Section     4096  startup_rvmdk.o(STACK)
    StackMem                                 0x200010c0   Data           0  startup_rvmdk.o(STACK)

    Global Symbols

    Symbol Name                              Value     Ov Type        Size  Object(Section)

    BuildAttributes$$THM_ISAv4$P$D$K$B$S$PE$A:L22UL41UL21$X:L11$S22US41US21$IEEE1$IW$USESV6$~STKCKD$USESV7$~SHL$OTIME$ROPI$EBA8$MICROLIB$REQ8$PRES8$EABIv2 0x00000000   Number         0  anon$$obj.o ABSOLUTE
    __ARM_use_no_argv                        0x00000000   Number         0  lab10.o ABSOLUTE
    __Vectors                                0x00000000   Data           0  startup_rvmdk.o(RESET)
    __cpp_initialize__aeabi_                  - Undefined Weak Reference
    __cxa_finalize                            - Undefined Weak Reference
    __decompress                              - Undefined Weak Reference
    _clock_init                               - Undefined Weak Reference
    _microlib_exit                            - Undefined Weak Reference
    Reset_Handler                            0x000000f1   Thumb Code     0  startup_rvmdk.o(RESET)
    __main                                   0x000000fd   Thumb Code     0  entry.o(.ARM.Collect$$$$00000000)
    _main_stk                                0x000000fd   Thumb Code     0  entry2.o(.ARM.Collect$$$$00000001)
    _main_scatterload                        0x00000101   Thumb Code     0  entry5.o(.ARM.Collect$$$$00000004)
    __main_after_scatterload                 0x00000105   Thumb Code     0  entry5.o(.ARM.Collect$$$$00000004)
    _main_clock                              0x00000105   Thumb Code     0  entry7b.o(.ARM.Collect$$$$00000008)
    _main_cpp_init                           0x00000105   Thumb Code     0  entry8b.o(.ARM.Collect$$$$0000000A)
    _main_init                               0x00000105   Thumb Code     0  entry9a.o(.ARM.Collect$$$$0000000B)
    __rt_final_cpp                           0x0000010d   Thumb Code     0  entry10a.o(.ARM.Collect$$$$0000000D)
    __rt_final_exit                          0x0000010d   Thumb Code     0  entry11a.o(.ARM.Collect$$$$0000000F)
    SysCtlDelay                              0x00000111   Thumb Code     6  sysctl.o(.emb_text)
    CPUcpsid                                 0x00000119   Thumb Code     8  cpu.o(.emb_text)
    CPUprimask                               0x00000121   Thumb Code     6  cpu.o(.emb_text)
    CPUcpsie                                 0x00000127   Thumb Code     8  cpu.o(.emb_text)
    CPUwfi                                   0x0000012f   Thumb Code     4  cpu.o(.emb_text)
    CPUbasepriSet                            0x00000133   Thumb Code     6  cpu.o(.emb_text)
    CPUbasepriGet                            0x00000139   Thumb Code     6  cpu.o(.emb_text)
    DisableInterrupts                        0x00000141   Thumb Code     0  startup_rvmdk.o(.text)
    EnableInterrupts                         0x00000145   Thumb Code     0  startup_rvmdk.o(.text)
    StartCritical                            0x00000149   Thumb Code     0  startup_rvmdk.o(.text)
    EndCritical                              0x00000151   Thumb Code     0  startup_rvmdk.o(.text)
    WaitForInterrupt                         0x00000157   Thumb Code     0  startup_rvmdk.o(.text)
    DIPSWInit                                0x0000015d   Thumb Code    82  dipswitch.o(.text)
    read_SwitchNum                           0x000001af   Thumb Code    80  dipswitch.o(.text)
    read_Switches                            0x000001ff   Thumb Code    34  dipswitch.o(.text)
    LEDBARInit                               0x00000245   Thumb Code    44  ledbaroutput.o(.text)
    LEDBAROutput                             0x00000271   Thumb Code    10  ledbaroutput.o(.text)
    LEDBAR_TurnOn                            0x0000027b   Thumb Code   102  ledbaroutput.o(.text)
    LEDBAR_TurnOff                           0x000002e1   Thumb Code   102  ledbaroutput.o(.text)
    PBSwInit                                 0x00000361   Thumb Code    44  pushbutton.o(.text)
    read_PBSwitchNum                         0x0000038d   Thumb Code    60  pushbutton.o(.text)
    read_PBSwitches                          0x000003c9   Thumb Code    14  pushbutton.o(.text)
    RGB_LEDInit                              0x000003ed   Thumb Code    76  rgb_led.o(.text)
    getDutyCycle                             0x00000439   Thumb Code   110  rgb_led.o(.text)
    setDutyCycle                             0x000004a7   Thumb Code   124  rgb_led.o(.text)
    turnOn                                   0x00000523   Thumb Code    88  rgb_led.o(.text)
    turnOff                                  0x0000057b   Thumb Code    88  rgb_led.o(.text)
    PWM_Init                                 0x000005d3   Thumb Code    70  rgb_led.o(.text)
    Timer0IntHandler                         0x00000619   Thumb Code   212  rgb_led.o(.text)
    PWM_SetPeriod10mS                        0x000006ed   Thumb Code    34  rgb_led.o(.text)
    sysTickInit                              0x0000075d   Thumb Code    30  ece353_systick.o(.text)
    sysTickInitInt                           0x0000077b   Thumb Code    56  ece353_systick.o(.text)
    sysTickWait                              0x000007b3   Thumb Code    28  ece353_systick.o(.text)
    sysTickWait1uS                           0x000007cf   Thumb Code    30  ece353_systick.o(.text)
    sysTickWait1mS                           0x000007ed   Thumb Code    32  ece353_systick.o(.text)
    sysTickWait1S                            0x0000080d   Thumb Code    32  ece353_systick.o(.text)
    uart2Rx                                  0x00000831   Thumb Code    82  uart2.o(.text)
    uart2Tx                                  0x00000883   Thumb Code    18  uart2.o(.text)
    UART2IntHandler                          0x00000895   Thumb Code   104  uart2.o(.text)
    uart2Init                                0x000008fd   Thumb Code   162  uart2.o(.text)
    uart2Clear                               0x0000099f   Thumb Code    38  uart2.o(.text)
    Xbee_Write                               0x000009e9   Thumb Code    28  xbee.o(.text)
    Xbee_Send                                0x00000a05   Thumb Code    20  xbee.o(.text)
    Xbee_SendArray                           0x00000a19   Thumb Code    34  xbee.o(.text)
    Xbee_Read                                0x00000a3b   Thumb Code   100  xbee.o(.text)
    Xbee_Receive                             0x00000a9f   Thumb Code    44  xbee.o(.text)
    Xbee_ReceiveArray                        0x00000acb   Thumb Code    84  xbee.o(.text)
    Xbee_Configure                           0x00000b1f   Thumb Code   198  xbee.o(.text)
    addrToXbee                               0x00000be5   Thumb Code    78  xbee.o(.text)
    Xbee_ConfigureAddresses                  0x00000c33   Thumb Code   296  xbee.o(.text)
    Xbee_Configure_Broadcast                 0x00000d5b   Thumb Code   198  xbee.o(.text)
    xBeeSignalStrength                       0x00000e21   Thumb Code    14  xbee.o(.text)
    potentiometersInit                       0x00000ea9   Thumb Code    22  potentiometers.o(.text)
    readPotentiometer0                       0x00000ebf   Thumb Code    14  potentiometers.o(.text)
    readPotentiometer1                       0x00000ecd   Thumb Code    14  potentiometers.o(.text)
    readPotentiometer2                       0x00000edb   Thumb Code    14  potentiometers.o(.text)
    RIT128x96x4Clear                         0x00000fe9   Thumb Code    76  rit128x96x4.o(.text)
    RIT128x96x4StringDraw                    0x00001035   Thumb Code   254  rit128x96x4.o(.text)
    RIT128x96x4ImageDraw                     0x00001133   Thumb Code   120  rit128x96x4.o(.text)
    RIT128x96x4Enable                        0x000011ab   Thumb Code    92  rit128x96x4.o(.text)
    RIT128x96x4Disable                       0x00001207   Thumb Code    98  rit128x96x4.o(.text)
    RIT128x96x4Init                          0x00001269   Thumb Code   196  rit128x96x4.o(.text)
    RIT128x96x4DisplayOn                     0x0000132d   Thumb Code    40  rit128x96x4.o(.text)
    RIT128x96x4DisplayOff                    0x00001355   Thumb Code    12  rit128x96x4.o(.text)
    ADCInit                                  0x00001369   Thumb Code   358  adc.o(.text)
    ADCCompute                               0x000014cf   Thumb Code   162  adc.o(.text)
    __aeabi_fmul                             0x00001591   Thumb Code   108  fmul.o(.text)
    __aeabi_fdiv                             0x000015fd   Thumb Code   128  fdiv.o(.text)
    __aeabi_i2f                              0x0000167d   Thumb Code    18  fflti.o(.text)
    __aeabi_ui2f                             0x0000168f   Thumb Code    10  ffltui.o(.text)
    __aeabi_f2iz                             0x00001699   Thumb Code    50  ffixi.o(.text)
    __I$use$fp                               0x000016cb   Thumb Code     0  iusefp.o(.text)
    _float_round                             0x000016cb   Thumb Code    18  fepilogue.o(.text)
    _float_epilogue                          0x000016dd   Thumb Code    90  fepilogue.o(.text)
    __scatterload                            0x00001739   Thumb Code    28  init.o(.text)
    __scatterload_rt2                        0x00001739   Thumb Code     0  init.o(.text)
    GPIODirModeSet                           0x0000175d   Thumb Code    40  gpio.o(i.GPIODirModeSet)
    GPIOPadConfigSet                         0x00001785   Thumb Code   176  gpio.o(i.GPIOPadConfigSet)
    GPIOPinTypeGPIOOutput                    0x00001835   Thumb Code    28  gpio.o(i.GPIOPinTypeGPIOOutput)
    GPIOPinTypeSSI                           0x00001851   Thumb Code    28  gpio.o(i.GPIOPinTypeSSI)
    GPIOPinWrite                             0x0000186d   Thumb Code     6  gpio.o(i.GPIOPinWrite)
    IntEnable                                0x00001875   Thumb Code    92  interrupt.o(i.IntEnable)
    IntMasterDisable                         0x000018d9   Thumb Code    10  interrupt.o(i.IntMasterDisable)
    IntMasterEnable                          0x000018e3   Thumb Code    10  interrupt.o(i.IntMasterEnable)
    SSIBusy                                  0x000018ed   Thumb Code     8  ssi.o(i.SSIBusy)
    SSIConfigSetExpClk                       0x000018f5   Thumb Code    74  ssi.o(i.SSIConfigSetExpClk)
    SSIDataGetNonBlocking                    0x0000193f   Thumb Code    20  ssi.o(i.SSIDataGetNonBlocking)
    SSIDataPut                               0x00001953   Thumb Code    12  ssi.o(i.SSIDataPut)
    SSIDisable                               0x0000195f   Thumb Code    10  ssi.o(i.SSIDisable)
    SSIEnable                                0x00001969   Thumb Code    10  ssi.o(i.SSIEnable)
    SysCtlClockGet                           0x00001975   Thumb Code   514  sysctl.o(i.SysCtlClockGet)
    SysCtlClockSet                           0x00001ba5   Thumb Code   310  sysctl.o(i.SysCtlClockSet)
    SysCtlPeripheralEnable                   0x00001cf1   Thumb Code    70  sysctl.o(i.SysCtlPeripheralEnable)
    TimerConfigure                           0x00001d41   Thumb Code    36  timer.o(i.TimerConfigure)
    TimerEnable                              0x00001d65   Thumb Code    14  timer.o(i.TimerEnable)
    TimerIntClear                            0x00001d73   Thumb Code     4  timer.o(i.TimerIntClear)
    TimerIntEnable                           0x00001d77   Thumb Code     8  timer.o(i.TimerIntEnable)
    TimerLoadSet                             0x00001d7f   Thumb Code    18  timer.o(i.TimerLoadSet)
    __scatterload_copy                       0x00001d91   Thumb Code    14  handlers.o(i.__scatterload_copy)
    __scatterload_null                       0x00001d9f   Thumb Code     2  handlers.o(i.__scatterload_null)
    __scatterload_zeroinit                   0x00001da1   Thumb Code    14  handlers.o(i.__scatterload_zeroinit)
    addPiece                                 0x00001daf   Thumb Code    26  lab10.o(i.addPiece)
    blink                                    0x00001dc9   Thumb Code   114  lab10.o(i.blink)
    checkValidColumn                         0x00001e41   Thumb Code    18  lab10.o(i.checkValidColumn)
    checkWin                                 0x00001e53   Thumb Code   212  lab10.o(i.checkWin)
    clearBoard                               0x00001f27   Thumb Code    16  lab10.o(i.clearBoard)
    convert                                  0x00001f39   Thumb Code    24  lab10.o(i.convert)
    drawBoard                                0x00001f55   Thumb Code   114  lab10.o(i.drawBoard)
    free                                     0x00001fdd   Thumb Code    76  malloc.o(i.free)
    main                                     0x0000202d   Thumb Code   756  lab10.o(i.main)
    malloc                                   0x000023e9   Thumb Code    92  malloc.o(i.malloc)
    Region$$Table$$Base                      0x00002974   Number         0  anon$$obj.o(Region$$Table)
    Region$$Table$$Limit                     0x00002994   Number         0  anon$$obj.o(Region$$Table)
    __microlib_freelist                      0x20000034   Data           4  mvars.o(.data)
    __microlib_freelist_initialised          0x20000038   Data           4  mvars.o(.data)
    __heap_base                              0x200000c0   Data           0  startup_rvmdk.o(HEAP)
    __heap_limit                             0x200010c0   Data           0  startup_rvmdk.o(HEAP)
    __initial_sp                             0x200020c0   Data           0  startup_rvmdk.o(STACK)



==============================================================================

Memory Map of the image

  Image Entry point : 0x000000f1

  Load Region LR_IROM (Base: 0x00000000, Size: 0x000029d0, Max: 0x00040000, ABSOLUTE)

    Execution Region ER_IROM (Base: 0x00000000, Size: 0x00002994, Max: 0x00040000, ABSOLUTE)

    Base Addr    Size         Type   Attr      Idx    E Section Name        Object

    0x00000000   0x000000fc   Code   RO            3  * RESET               startup_rvmdk.o
    0x000000fc   0x00000000   Code   RO         1331  * .ARM.Collect$$$$00000000  mc_w.l(entry.o)
    0x000000fc   0x00000004   Code   RO         1372    .ARM.Collect$$$$00000001  mc_w.l(entry2.o)
    0x00000100   0x00000004   Code   RO         1375    .ARM.Collect$$$$00000004  mc_w.l(entry5.o)
    0x00000104   0x00000000   Code   RO         1377    .ARM.Collect$$$$00000008  mc_w.l(entry7b.o)
    0x00000104   0x00000000   Code   RO         1379    .ARM.Collect$$$$0000000A  mc_w.l(entry8b.o)
    0x00000104   0x00000008   Code   RO         1380    .ARM.Collect$$$$0000000B  mc_w.l(entry9a.o)
    0x0000010c   0x00000000   Code   RO         1382    .ARM.Collect$$$$0000000D  mc_w.l(entry10a.o)
    0x0000010c   0x00000000   Code   RO         1384    .ARM.Collect$$$$0000000F  mc_w.l(entry11a.o)
    0x0000010c   0x00000004   Code   RO         1373    .ARM.Collect$$$$00002712  mc_w.l(entry2.o)
    0x00000110   0x00000006   Code   RO          803    .emb_text           driverlib-cm3.lib(sysctl.o)
    0x00000116   0x00000002   PAD
    0x00000118   0x00000026   Code   RO         1321    .emb_text           driverlib-cm3.lib(cpu.o)
    0x0000013e   0x00000002   PAD
    0x00000140   0x0000001c   Code   RO            4    .text               startup_rvmdk.o
    0x0000015c   0x000000e8   Code   RO           63    .text               ECE210.lib(dipswitch.o)
    0x00000244   0x0000011c   Code   RO          169    .text               ECE210.lib(ledbaroutput.o)
    0x00000360   0x0000008c   Code   RO          181    .text               ECE210.lib(pushbutton.o)
    0x000003ec   0x00000370   Code   RO          193    .text               ECE210.lib(rgb_led.o)
    0x0000075c   0x000000d4   Code   RO          207    .text               ECE210.lib(ece353_systick.o)
    0x00000830   0x000001b8   Code   RO          219    .text               ECE210.lib(uart2.o)
    0x000009e8   0x000004c0   Code   RO          234    .text               ECE210.lib(xbee.o)
    0x00000ea8   0x00000040   Code   RO          246    .text               ECE210.lib(potentiometers.o)
    0x00000ee8   0x00000480   Code   RO          258    .text               ECE210.lib(rit128x96x4.o)
    0x00001368   0x00000228   Code   RO         1309    .text               ECE210.lib(adc.o)
    0x00001590   0x0000006c   Code   RO         1362    .text               mf_w.l(fmul.o)
    0x000015fc   0x00000080   Code   RO         1364    .text               mf_w.l(fdiv.o)
    0x0000167c   0x00000012   Code   RO         1366    .text               mf_w.l(fflti.o)
    0x0000168e   0x0000000a   Code   RO         1368    .text               mf_w.l(ffltui.o)
    0x00001698   0x00000032   Code   RO         1370    .text               mf_w.l(ffixi.o)
    0x000016ca   0x00000000   Code   RO         1392    .text               mc_w.l(iusefp.o)
    0x000016ca   0x0000006c   Code   RO         1393    .text               mf_w.l(fepilogue.o)
    0x00001736   0x00000002   PAD
    0x00001738   0x00000024   Code   RO         1395    .text               mc_w.l(init.o)
    0x0000175c   0x00000028   Code   RO          278    i.GPIODirModeSet    driverlib-cm3.lib(gpio.o)
    0x00001784   0x000000b0   Code   RO          283    i.GPIOPadConfigSet  driverlib-cm3.lib(gpio.o)
    0x00001834   0x0000001c   Code   RO          298    i.GPIOPinTypeGPIOOutput  driverlib-cm3.lib(gpio.o)
    0x00001850   0x0000001c   Code   RO          308    i.GPIOPinTypeSSI    driverlib-cm3.lib(gpio.o)
    0x0000186c   0x00000006   Code   RO          313    i.GPIOPinWrite      driverlib-cm3.lib(gpio.o)
    0x00001872   0x00000002   PAD
    0x00001874   0x00000064   Code   RO          567    i.IntEnable         driverlib-cm3.lib(interrupt.o)
    0x000018d8   0x0000000a   Code   RO          569    i.IntMasterDisable  driverlib-cm3.lib(interrupt.o)
    0x000018e2   0x0000000a   Code   RO          570    i.IntMasterEnable   driverlib-cm3.lib(interrupt.o)
    0x000018ec   0x00000008   Code   RO          678    i.SSIBusy           driverlib-cm3.lib(ssi.o)
    0x000018f4   0x0000004a   Code   RO          681    i.SSIConfigSetExpClk  driverlib-cm3.lib(ssi.o)
    0x0000193e   0x00000014   Code   RO          685    i.SSIDataGetNonBlocking  driverlib-cm3.lib(ssi.o)
    0x00001952   0x0000000c   Code   RO          686    i.SSIDataPut        driverlib-cm3.lib(ssi.o)
    0x0000195e   0x0000000a   Code   RO          688    i.SSIDisable        driverlib-cm3.lib(ssi.o)
    0x00001968   0x0000000a   Code   RO          689    i.SSIEnable         driverlib-cm3.lib(ssi.o)
    0x00001972   0x00000002   PAD
    0x00001974   0x00000230   Code   RO          808    i.SysCtlClockGet    driverlib-cm3.lib(sysctl.o)
    0x00001ba4   0x0000014c   Code   RO          809    i.SysCtlClockSet    driverlib-cm3.lib(sysctl.o)
    0x00001cf0   0x00000050   Code   RO          836    i.SysCtlPeripheralEnable  driverlib-cm3.lib(sysctl.o)
    0x00001d40   0x00000024   Code   RO         1103    i.TimerConfigure    driverlib-cm3.lib(timer.o)
    0x00001d64   0x0000000e   Code   RO         1110    i.TimerEnable       driverlib-cm3.lib(timer.o)
    0x00001d72   0x00000004   Code   RO         1111    i.TimerIntClear     driverlib-cm3.lib(timer.o)
    0x00001d76   0x00000008   Code   RO         1113    i.TimerIntEnable    driverlib-cm3.lib(timer.o)
    0x00001d7e   0x00000012   Code   RO         1119    i.TimerLoadSet      driverlib-cm3.lib(timer.o)
    0x00001d90   0x0000000e   Code   RO         1399    i.__scatterload_copy  mc_w.l(handlers.o)
    0x00001d9e   0x00000002   Code   RO         1400    i.__scatterload_null  mc_w.l(handlers.o)
    0x00001da0   0x0000000e   Code   RO         1401    i.__scatterload_zeroinit  mc_w.l(handlers.o)
    0x00001dae   0x0000001a   Code   RO           11    i.addPiece          lab10.o
    0x00001dc8   0x00000078   Code   RO           12    i.blink             lab10.o
    0x00001e40   0x00000012   Code   RO           13    i.checkValidColumn  lab10.o
    0x00001e52   0x000000d4   Code   RO           14    i.checkWin          lab10.o
    0x00001f26   0x00000010   Code   RO           15    i.clearBoard        lab10.o
    0x00001f36   0x00000002   PAD
    0x00001f38   0x0000001c   Code   RO           16    i.convert           lab10.o
    0x00001f54   0x00000088   Code   RO           17    i.drawBoard         lab10.o
    0x00001fdc   0x00000050   Code   RO         1334    i.free              mc_w.l(malloc.o)
    0x0000202c   0x000003bc   Code   RO           18    i.main              lab10.o
    0x000023e8   0x0000006c   Code   RO         1335    i.malloc            mc_w.l(malloc.o)
    0x00002454   0x0000000a   Data   RO           19    .constdata          lab10.o
    0x0000245e   0x0000023b   Data   RO          259    .constdata          ECE210.lib(rit128x96x4.o)
    0x00002699   0x00000003   PAD
    0x0000269c   0x0000010c   Data   RO          581    .constdata          driverlib-cm3.lib(interrupt.o)
    0x000027a8   0x000001cc   Data   RO          852    .constdata          driverlib-cm3.lib(sysctl.o)
    0x00002974   0x00000020   Data   RO         1397    Region$$Table       anon$$obj.o


    Execution Region RW_IRAM (Base: 0x20000000, Size: 0x000020c0, Max: 0x00010000, ABSOLUTE)

    Base Addr    Size         Type   Attr      Idx    E Section Name        Object

    0x20000000   0x00000020   Data   RW          194    .data               ECE210.lib(rgb_led.o)
    0x20000020   0x00000008   Data   RW          221    .data               ECE210.lib(uart2.o)
    0x20000028   0x0000000c   Data   RW          260    .data               ECE210.lib(rit128x96x4.o)
    0x20000034   0x00000004   Data   RW         1390    .data               mc_w.l(mvars.o)
    0x20000038   0x00000004   Data   RW         1391    .data               mc_w.l(mvars.o)
    0x2000003c   0x00000080   Zero   RW          220    .bss                ECE210.lib(uart2.o)
    0x200000bc   0x00000004   PAD
    0x200000c0   0x00001000   Zero   RW            2    HEAP                startup_rvmdk.o
    0x200010c0   0x00001000   Zero   RW            1    STACK               startup_rvmdk.o


==============================================================================

Image component sizes


      Code (inc. data)   RO Data    RW Data    ZI Data      Debug   Object Name

      1512        232         10          0          0       6309   lab10.o
       280        244          0          0       8192        424   startup_rvmdk.o

    ----------------------------------------------------------------------
      1794        476         42          0       8192       6733   Object Totals
         0          0         32          0          0          0   (incl. Generated)
         2          0          0          0          0          0   (incl. Padding)

    ----------------------------------------------------------------------

      Code (inc. data)   RO Data    RW Data    ZI Data      Debug   Library Member Name

       552         32          0          0          0        861   adc.o
       232         42          0          0          0       3549   dipswitch.o
       212          4          0          0          0       1629   ece353_systick.o
       284         38          0          0          0       1011   ledbaroutput.o
        64          0          0          0          0        934   potentiometers.o
       140         22          0          0          0        856   pushbutton.o
       880         78          0         32          0       2191   rgb_led.o
      1152         52        571         12          0       4142   rit128x96x4.o
       440         36          0          8        128       1839   uart2.o
      1216        122          0          0          0       3885   xbee.o
        38          0          0          0          0        468   cpu.o
       278          0          0          0          0       5980   gpio.o
       120          8        268          0          0       2129   interrupt.o
       134          0          0          0          0       3001   ssi.o
       978         78        460          0          0       4279   sysctl.o
        80          0          0          0          0       2307   timer.o
         0          0          0          0          0          0   entry.o
         0          0          0          0          0          0   entry10a.o
         0          0          0          0          0          0   entry11a.o
         8          4          0          0          0          0   entry2.o
         4          0          0          0          0          0   entry5.o
         0          0          0          0          0          0   entry7b.o
         0          0          0          0          0          0   entry8b.o
         8          4          0          0          0          0   entry9a.o
        30          0          0          0          0          0   handlers.o
        36          8          0          0          0         68   init.o
         0          0          0          0          0          0   iusefp.o
       188         20          0          0          0        160   malloc.o
         0          0          0          8          0          0   mvars.o
       128          0          0          0          0         88   fdiv.o
       108          0          0          0          0        168   fepilogue.o
        50          0          0          0          0         68   ffixi.o
        18          0          0          0          0         68   fflti.o
        10          0          0          0          0         68   ffltui.o
       108          0          0          0          0         76   fmul.o

    ----------------------------------------------------------------------
      7506        548       1302         60        132      39825   Library Totals
        10          0          3          0          4          0   (incl. Padding)

    ----------------------------------------------------------------------

      Code (inc. data)   RO Data    RW Data    ZI Data      Debug   Library Name

      5172        426        571         52        128      20897   ECE210.lib
      1628         86        728          0          0      18164   driverlib-cm3.lib
       274         36          0          8          0        228   mc_w.l
       422          0          0          0          0        536   mf_w.l

    ----------------------------------------------------------------------
      7506        548       1302         60        132      39825   Library Totals

    ----------------------------------------------------------------------

==============================================================================


      Code (inc. data)   RO Data    RW Data    ZI Data      Debug   

      9300       1024       1344         60       8324      44010   Grand Totals
      9300       1024       1344         60       8324      44010   ELF Image Totals
      9300       1024       1344         60          0          0   ROM Totals

==============================================================================

    Total RO  Size (Code + RO Data)                10644 (  10.39kB)
    Total RW  Size (RW Data + ZI Data)              8384 (   8.19kB)
    Total ROM Size (Code + RO Data + RW Data)      10704 (  10.45kB)

==============================================================================

